# *** ArkPets Log - core (PID15024) ***
# Created: 2025-12-05 23:31:34,186
# OS: Windows 11 (amd64)
# Java version: 23.0.1
# Working directory: D:\Ark-Pets\assets

23:31:34,203 [INFO] System: Entering the app of EmbeddedLauncher
23:31:34,217 [INFO] System: ArkPets version is 3.10.0
23:31:34,219 [INFO] System: Using USER32 Window System
23:31:34,223 [INFO] System: Using ANGLE renderer
23:31:35,351 [INFO] App: Create with title "ArkPets"
23:31:35,351 [INFO] App: Using model asset "models\421_crow"
23:31:35,485 [INFO] Character: Skeleton loading as binary
23:31:35,824 [INFO] Character: AnimStage C0 using DynamicOrthographicCamara 152*146 {Insert: ^-4174 v0 <-2080 >-2088}
23:31:35,828 [INFO] Animation: Available animation stages [AnimStage C0]
23:31:36,638 [INFO] SocketClient: Connecting to server on port 8686
23:31:36,642 [INFO] SocketClient: (+)[127.0.0.1:8686] connected
23:31:36,642 [INFO] MemberTray: Integrated tray service connected
23:31:36,651 [INFO] App: Render
23:59:34,782 [INFO] MemberTray: Transparent enabled
00:02:21,019 [INFO] MemberTray: Request to exit
00:02:21,033 [INFO] SocketClient: (-)[127.0.0.1:8686] closed
00:02:21,343 [INFO] App: Dispose
00:02:21,372 [INFO] System: Exited from EmbeddedLauncher successfully
