# *** ArkPets Log - core (PID29452) ***
# Created: 2025-12-05 22:33:48,618
# OS: Windows 11 (amd64)
# Java version: 23.0.1
# Working directory: D:\Ark-Pets\assets

22:33:48,646 [INFO] System: Entering the app of EmbeddedLauncher
22:33:48,665 [INFO] System: ArkPets version is 3.10.0
22:33:48,668 [INFO] System: Using USER32 Window System
22:33:48,673 [INFO] System: Using ANGLE renderer
22:33:50,075 [INFO] App: Create with title "ArkPets"
22:33:50,075 [INFO] App: Using model asset "models\421_crow"
22:33:50,264 [INFO] Character: Skeleton loading as binary
22:33:50,627 [INFO] Character: AnimStage C0 using DynamicOrthographicCamara 152*146 {Insert: ^-4174 v0 <-2080 >-2088}
22:33:50,630 [INFO] Animation: Available animation stages [AnimStage C0]
22:33:51,325 [INFO] SocketClient: Connecting to server on port 8686
22:33:51,330 [INFO] SocketClient: (+)[127.0.0.1:8686] connected
22:33:51,330 [INFO] MemberTray: Integrated tray service connected
22:33:51,341 [INFO] App: Render
22:34:27,640 [INFO] MemberTray: Transparent enabled
22:35:55,356 [INFO] MemberTray: Transparent disabled
22:47:04,662 [INFO] MemberTray: Request to exit
22:47:04,667 [INFO] SocketClient: (-)[127.0.0.1:8686] closed
22:47:04,983 [INFO] App: Dispose
22:47:05,014 [INFO] System: Exited from EmbeddedLauncher successfully
