# *** ArkPets Log - core (PID19424) ***
# Created: 2025-12-05 22:35:38,248
# OS: Windows 11 (amd64)
# Java version: 23.0.1
# Working directory: D:\Ark-Pets\assets

22:35:38,272 [INFO] System: Entering the app of EmbeddedLauncher
22:35:38,292 [INFO] System: ArkPets version is 3.10.0
22:35:38,295 [INFO] System: Using USER32 Window System
22:35:38,298 [INFO] System: Using ANGLE renderer
22:35:39,039 [INFO] App: Create with title "ArkPets (2)"
22:35:39,040 [INFO] App: Using model asset "models\421_crow"
22:35:39,177 [INFO] Character: Skeleton loading as binary
22:35:39,508 [INFO] Character: AnimStage C0 using DynamicOrthographicCamara 152*146 {Insert: ^-4174 v0 <-2080 >-2088}
22:35:39,513 [INFO] Animation: Available animation stages [AnimStage C0]
22:35:40,047 [INFO] SocketClient: Connecting to server on port 8686
22:35:40,053 [INFO] SocketClient: (+)[127.0.0.1:8686] connected
22:35:40,053 [INFO] MemberTray: Integrated tray service connected
22:35:40,062 [INFO] App: Render
22:35:43,352 [INFO] MemberTray: Request to exit
22:35:43,354 [INFO] SocketClient: (x)[127.0.0.1:8686] broken
22:35:43,354 [INFO] MemberTray: Integrated tray service disconnected
22:35:43,354 [INFO] SocketClient: (-)[127.0.0.1:8686] closed
22:35:43,392 [INFO] MemberTray: Isolated tray icon applied
22:35:43,670 [INFO] App: Dispose
22:35:43,700 [INFO] System: Exited from EmbeddedLauncher successfully
