# *** ArkPets Log - core (PID33120) ***
# Created: 2025-12-06 00:04:06,458
# OS: Windows 11 (amd64)
# Java version: 23.0.1
# Working directory: D:\Ark-Pets\assets

00:04:06,476 [INFO] System: Entering the app of EmbeddedLauncher
00:04:06,489 [INFO] System: ArkPets version is 3.10.0
00:04:06,491 [INFO] System: Using USER32 Window System
00:04:06,495 [INFO] System: Using ANGLE renderer
00:04:07,265 [INFO] App: Create with title "ArkPets"
00:04:07,266 [INFO] App: Using model asset "models\421_crow"
00:04:07,385 [INFO] Character: Skeleton loading as binary
00:04:07,720 [INFO] Character: AnimStage C0 using DynamicOrthographicCamara 152*146 {Insert: ^-4174 v0 <-2080 >-2088}
00:04:07,723 [INFO] Animation: Available animation stages [AnimStage C0]
00:04:08,224 [INFO] SocketClient: Connecting to server on port 8686
00:04:08,229 [INFO] SocketClient: (+)[127.0.0.1:8686] connected
00:04:08,229 [INFO] MemberTray: Integrated tray service connected
00:04:08,240 [INFO] App: Render
00:04:24,854 [INFO] MemberTray: Request to exit
00:04:24,860 [INFO] SocketClient: (-)[127.0.0.1:8686] closed
00:04:25,170 [INFO] App: Dispose
00:04:25,214 [INFO] System: Exited from EmbeddedLauncher successfully
