# *** ArkPets Log - core (PID35848) ***
# Created: 2025-12-06 00:25:23,210
# OS: Windows 11 (amd64)
# Java version: 23.0.1
# Working directory: D:\Ark-Pets\assets

00:25:23,233 [INFO] System: Enable the debug feature
00:25:23,246 [INFO] System: Entering the app of EmbeddedLauncher
00:25:23,246 [INFO] System: ArkPets version is 3.10.0
00:25:23,246 [DEBUG] System: Default charset is UTF-8
00:25:23,249 [INFO] System: Using USER32 Window System
00:25:23,252 [INFO] System: Using ANGLE renderer
00:25:23,947 [INFO] App: Create with title "ArkPets"
00:25:23,947 [DEBUG] App: OpenGL version is OpenGL ES 3.0.0 (ANGLE 2.1.16862 git hash: d3764f080f6c)
00:25:23,948 [DEBUG] App: OpenGL vendor is Google Inc. (NVIDIA)
00:25:23,949 [INFO] App: Using model asset "models\421_crow"
00:25:24,081 [DEBUG] Shader: Shader program compiled
00:25:24,092 [INFO] Character: Skeleton loading as binary
00:25:24,138 [DEBUG] Character: Skeleton loaded with Spine version 3.8.99
00:25:24,198 [DEBUG] Animation: Apply AnimData {AnimClip "Interact" C0 <INTERACT>}
00:25:24,198 [DEBUG] Animation: Apply AnimData {AnimClip "Move" C0 <MOVE>}
00:25:24,198 [DEBUG] Animation: Apply AnimData {AnimClip "Relax" C0 <IDLE>}
00:25:24,198 [DEBUG] Animation: Apply AnimData {AnimClip "Sit" C0 <SIT>}
00:25:24,198 [DEBUG] Animation: Apply AnimData {AnimClip "Sleep" C0 <SLEEP>}
00:25:24,200 [DEBUG] Animation: Apply AnimData {AnimClip "Interact" C0 <INTERACT>}
00:25:24,208 [DEBUG] Animation: Apply AnimData {AnimClip "Move" C0 <MOVE>}
00:25:24,211 [DEBUG] Animation: Apply AnimData {AnimClip "Relax" C0 <IDLE>}
00:25:24,218 [DEBUG] Animation: Apply AnimData {AnimClip "Sit" C0 <SIT>}
00:25:24,226 [DEBUG] Animation: Apply AnimData {AnimClip "Sleep" C0 <SLEEP>}
00:25:24,850 [INFO] Character: AnimStage C0 using DynamicOrthographicCamara 152*146 {Insert: ^-4174 v0 <-2080 >-2088}
00:25:24,855 [DEBUG] Animation: Apply AnimData {AnimClip "Relax" C0 <IDLE>} Loop
00:25:24,855 [INFO] Animation: Available animation stages [AnimStage C0]
00:25:25,440 [INFO] SocketClient: Connecting to server on port 8686
00:25:25,443 [INFO] SocketClient: (+)[127.0.0.1:8686] connected
00:25:25,443 [INFO] MemberTray: Integrated tray service connected
00:25:25,451 [DEBUG] SocketSession: -> [127.0.0.1:8686] {"msg":{"bytes":[-25,-66,-67,-26,-81,-101,-25,-84,-108],"encoding":"UTF-8"},"operation":"LOGIN","uuid":"1d1cb8ce-3ce0-473e-9a34-df23d9853e50"}
00:25:25,509 [DEBUG] Audio: Loaded sound: audio/spawn.ogg
00:25:25,518 [DEBUG] Audio: Loaded sound: audio/click.ogg
00:25:25,540 [DEBUG] Audio: Loaded sound: audio/drag.ogg
00:25:25,541 [INFO] App: Render
00:25:25,541 [DEBUG] Window: Resized to 150 * 150
00:25:25,582 [DEBUG] Window: Resized to 152 * 146
00:25:26,895 [DEBUG] Animation: Apply AnimData {AnimClip "Sit" C0 <SIT>} Loop
00:25:26,912 [DEBUG] Animation: Apply AnimData {AnimClip "Interact" C0 <INTERACT>} Strict
00:25:27,495 [DEBUG] Input: Click+ Btn 0 @ 64, 72
00:25:27,663 [DEBUG] Input: Click- Btn 0 @ 106, 9
00:25:28,429 [DEBUG] Animation: Apply AnimData {AnimClip "Relax" C0 <IDLE>} Loop
00:25:30,212 [DEBUG] Animation: Apply AnimData {AnimClip "Interact" C0 <INTERACT>} Strict
00:25:30,562 [DEBUG] Input: Click+ Btn 0 @ 68, 47
00:25:30,728 [DEBUG] Input: Click- Btn 0 @ 48, 28
00:25:31,729 [DEBUG] Animation: Apply AnimData {AnimClip "Relax" C0 <IDLE>} Loop
00:25:32,062 [DEBUG] Animation: Apply AnimData {AnimClip "Interact" C0 <INTERACT>} Strict
00:25:33,162 [DEBUG] Input: Click+ Btn 0 @ 85, 65
00:25:33,345 [DEBUG] Input: Click- Btn 0 @ 85, 46
00:25:33,596 [DEBUG] Animation: Apply AnimData {AnimClip "Relax" C0 <IDLE>} Loop
00:25:34,046 [DEBUG] Input: Click+ Btn 0 @ 71, 52
00:25:34,211 [DEBUG] Input: Click- Btn 0 @ 71, -22
00:25:35,346 [DEBUG] Input: Click+ Btn 0 @ 75, 61
00:25:36,545 [DEBUG] Input: Click- Btn 0 @ 83, 8
00:25:37,229 [DEBUG] Input: Click+ Btn 0 @ 80, 46
00:25:37,461 [DEBUG] Input: Click- Btn 0 @ 61, 29
00:25:38,113 [DEBUG] Input: Click+ Btn 0 @ 86, 47
00:25:38,628 [DEBUG] Input: Click- Btn 0 @ 93, 2
00:25:40,413 [DEBUG] Animation: Apply AnimData {AnimClip "Interact" C0 <INTERACT>} Strict
00:25:41,945 [DEBUG] Animation: Apply AnimData {AnimClip "Relax" C0 <IDLE>} Loop
00:25:43,062 [DEBUG] Animation: Apply AnimData {AnimClip "Interact" C0 <INTERACT>} Strict
00:25:44,595 [DEBUG] Animation: Apply AnimData {AnimClip "Relax" C0 <IDLE>} Loop
00:25:45,595 [DEBUG] Animation: Apply AnimData {AnimClip "Interact" C0 <INTERACT>} Strict
00:25:47,111 [DEBUG] Animation: Apply AnimData {AnimClip "Relax" C0 <IDLE>} Loop
00:25:47,179 [DEBUG] Animation: Apply AnimData {AnimClip "Move" C0 <MOVE>} Loop
00:25:47,445 [DEBUG] Animation: Apply AnimData {AnimClip "Relax" C0 <IDLE>} Loop
00:25:47,929 [DEBUG] Animation: Apply AnimData {AnimClip "Interact" C0 <INTERACT>} Strict
00:25:49,445 [DEBUG] Animation: Apply AnimData {AnimClip "Relax" C0 <IDLE>} Loop
00:25:49,996 [DEBUG] Animation: Apply AnimData {AnimClip "Interact" C0 <INTERACT>} Strict
00:25:51,529 [DEBUG] Animation: Apply AnimData {AnimClip "Relax" C0 <IDLE>} Loop
00:25:53,311 [DEBUG] Animation: Apply AnimData {AnimClip "Interact" C0 <INTERACT>} Strict
00:25:54,844 [DEBUG] Animation: Apply AnimData {AnimClip "Relax" C0 <IDLE>} Loop
00:25:55,495 [DEBUG] Animation: Apply AnimData {AnimClip "Interact" C0 <INTERACT>} Strict
00:25:57,011 [DEBUG] Animation: Apply AnimData {AnimClip "Relax" C0 <IDLE>} Loop
00:25:57,345 [DEBUG] Animation: Apply AnimData {AnimClip "Interact" C0 <INTERACT>} Strict
00:25:58,861 [DEBUG] Animation: Apply AnimData {AnimClip "Relax" C0 <IDLE>} Loop
00:25:59,612 [DEBUG] Animation: Apply AnimData {AnimClip "Interact" C0 <INTERACT>} Strict
00:26:01,144 [DEBUG] Animation: Apply AnimData {AnimClip "Relax" C0 <IDLE>} Loop
00:26:01,446 [DEBUG] Animation: Apply AnimData {AnimClip "Sit" C0 <SIT>} Loop
00:26:07,512 [DEBUG] Animation: Apply AnimData {AnimClip "Move" C0 <MOVE>} Loop
00:26:08,462 [DEBUG] Input: Click+ Btn 0 @ 83, 86
00:26:08,561 [DEBUG] Input: Click- Btn 0 @ 83, 86
00:26:08,562 [DEBUG] Animation: Apply AnimData {AnimClip "Move" C0 <MOVE>} Loop
00:26:09,363 [DEBUG] Animation: Apply AnimData {AnimClip "Sit" C0 <SIT>} Loop
00:26:10,079 [DEBUG] Input: Click+ Btn 0 @ 88, 68
00:26:10,178 [DEBUG] Input: Click- Btn 0 @ 88, 68
00:26:10,179 [DEBUG] Animation: Apply AnimData {AnimClip "Interact" C0 <INTERACT>} Strict
00:26:11,679 [DEBUG] Animation: Apply AnimData {AnimClip "Relax" C0 <IDLE>} Loop
00:26:11,945 [DEBUG] Input: Click+ Btn 0 @ 77, 78
00:26:12,062 [DEBUG] Input: Click- Btn 0 @ 77, 78
00:26:12,063 [DEBUG] Animation: Apply AnimData {AnimClip "Interact" C0 <INTERACT>} Strict
00:26:13,479 [DEBUG] Input: Click+ Btn 0 @ 80, 84
00:26:13,562 [DEBUG] Animation: Apply AnimData {AnimClip "Relax" C0 <IDLE>} Loop
00:26:13,595 [DEBUG] Input: Click- Btn 0 @ 80, 84
00:26:13,596 [DEBUG] Animation: Apply AnimData {AnimClip "Interact" C0 <INTERACT>} Strict
00:26:14,978 [DEBUG] Input: Click+ Btn 0 @ 80, 84
00:26:15,095 [DEBUG] Input: Click- Btn 0 @ 80, 84
00:26:15,112 [DEBUG] Animation: Apply AnimData {AnimClip "Relax" C0 <IDLE>} Loop
00:26:15,697 [DEBUG] Input: Click+ Btn 0 @ 77, 80
00:26:15,878 [DEBUG] Input: Click- Btn 0 @ 18, 78
00:26:17,579 [DEBUG] Animation: Apply AnimData {AnimClip "Interact" C0 <INTERACT>} Strict
00:26:18,979 [DEBUG] Input: Click+ Btn 0 @ 78, 78
00:26:19,095 [DEBUG] Animation: Apply AnimData {AnimClip "Relax" C0 <IDLE>} Loop
00:26:19,164 [DEBUG] Input: Click- Btn 0 @ 135, 17
00:26:20,262 [DEBUG] Input: Click+ Btn 0 @ 76, 56
00:26:20,612 [DEBUG] Input: Click- Btn 0 @ 85, 93
00:26:25,112 [DEBUG] Animation: Apply AnimData {AnimClip "Sit" C0 <SIT>} Loop
00:26:28,735 [DEBUG] SocketSession: <- [127.0.0.1:8686] {"operation":"LOGOUT","uuid":"20d6e077-f26e-41c5-8f57-53e0c04a408f"}
00:26:28,737 [INFO] MemberTray: Request to exit
00:26:28,752 [INFO] SocketClient: (-)[127.0.0.1:8686] closed
00:26:28,778 [DEBUG] Animation: Apply AnimData {AnimClip "Relax" C0 <IDLE>} Loop
00:26:29,062 [INFO] App: Dispose
00:26:29,110 [INFO] System: Exited from EmbeddedLauncher successfully
