# *** ArkPets Log - core (PID3836) ***
# Created: 2025-12-06 00:15:44,886
# OS: Windows 11 (amd64)
# Java version: 23.0.1
# Working directory: D:\Ark-Pets\assets

00:15:44,906 [INFO] System: Enable the debug feature
00:15:44,920 [INFO] System: Entering the app of EmbeddedLauncher
00:15:44,920 [INFO] System: ArkPets version is 3.10.0
00:15:44,920 [DEBUG] System: Default charset is UTF-8
00:15:44,923 [INFO] System: Using USER32 Window System
00:15:44,926 [INFO] System: Using ANGLE renderer
00:15:45,677 [INFO] App: Create with title "ArkPets"
00:15:45,678 [DEBUG] App: OpenGL version is OpenGL ES 3.0.0 (ANGLE 2.1.16862 git hash: d3764f080f6c)
00:15:45,678 [DEBUG] App: OpenGL vendor is Google Inc. (NVIDIA)
00:15:45,681 [INFO] App: Using model asset "models\421_crow"
00:15:45,800 [DEBUG] Shader: Shader program compiled
00:15:45,810 [INFO] Character: Skeleton loading as binary
00:15:45,849 [DEBUG] Character: Skeleton loaded with Spine version 3.8.99
00:15:45,905 [DEBUG] Animation: Apply AnimData {AnimClip "Interact" C0 <INTERACT>}
00:15:45,905 [DEBUG] Animation: Apply AnimData {AnimClip "Move" C0 <MOVE>}
00:15:45,905 [DEBUG] Animation: Apply AnimData {AnimClip "Relax" C0 <IDLE>}
00:15:45,905 [DEBUG] Animation: Apply AnimData {AnimClip "Sit" C0 <SIT>}
00:15:45,905 [DEBUG] Animation: Apply AnimData {AnimClip "Sleep" C0 <SLEEP>}
00:15:45,908 [DEBUG] Animation: Apply AnimData {AnimClip "Interact" C0 <INTERACT>}
00:15:45,915 [DEBUG] Animation: Apply AnimData {AnimClip "Move" C0 <MOVE>}
00:15:45,918 [DEBUG] Animation: Apply AnimData {AnimClip "Relax" C0 <IDLE>}
00:15:45,925 [DEBUG] Animation: Apply AnimData {AnimClip "Sit" C0 <SIT>}
00:15:45,932 [DEBUG] Animation: Apply AnimData {AnimClip "Sleep" C0 <SLEEP>}
00:15:46,710 [INFO] Character: AnimStage C0 using DynamicOrthographicCamara 152*146 {Insert: ^-4174 v0 <-2080 >-2088}
00:15:46,714 [DEBUG] Animation: Apply AnimData {AnimClip "Relax" C0 <IDLE>} Loop
00:15:46,714 [INFO] Animation: Available animation stages [AnimStage C0]
00:15:47,276 [INFO] SocketClient: Connecting to server on port 8686
00:15:47,279 [INFO] SocketClient: (+)[127.0.0.1:8686] connected
00:15:47,279 [INFO] MemberTray: Integrated tray service connected
00:15:47,289 [DEBUG] SocketSession: -> [127.0.0.1:8686] {"msg":{"bytes":[-25,-66,-67,-26,-81,-101,-25,-84,-108],"encoding":"UTF-8"},"operation":"LOGIN","uuid":"45335fe5-28e8-4616-a73d-86c060066b18"}
00:15:47,347 [DEBUG] Audio: Loaded sound: audio/spawn.ogg
00:15:47,358 [DEBUG] Audio: Loaded sound: audio/click.ogg
00:15:47,378 [DEBUG] Audio: Loaded sound: audio/drag.ogg
00:15:47,379 [INFO] App: Render
00:15:47,379 [DEBUG] Window: Resized to 150 * 150
00:15:47,411 [DEBUG] Window: Resized to 152 * 146
00:15:48,742 [DEBUG] Animation: Apply AnimData {AnimClip "Interact" C0 <INTERACT>} Strict
00:15:50,275 [DEBUG] Animation: Apply AnimData {AnimClip "Relax" C0 <IDLE>} Loop
00:15:50,574 [DEBUG] Input: Click+ Btn 0 @ 84, 59
00:15:50,657 [DEBUG] Input: Click- Btn 0 @ 84, 59
00:15:50,658 [DEBUG] Animation: Apply AnimData {AnimClip "Interact" C0 <INTERACT>} Strict
00:15:51,940 [DEBUG] Input: Click+ Btn 0 @ 85, 59
00:15:52,024 [DEBUG] Input: Click- Btn 0 @ 85, 59
00:15:52,160 [DEBUG] Animation: Apply AnimData {AnimClip "Relax" C0 <IDLE>} Loop
00:15:52,411 [DEBUG] Animation: Apply AnimData {AnimClip "Move" C0 <MOVE>} Loop
00:15:53,207 [DEBUG] Input: Click+ Btn 0 @ 86, 63
00:15:53,274 [DEBUG] Input: Click- Btn 0 @ 86, 63
00:15:53,274 [DEBUG] Animation: Apply AnimData {AnimClip "Move" C0 <MOVE>} Loop
00:15:54,725 [DEBUG] Input: Click+ Btn 0 @ 78, 64
00:15:54,808 [DEBUG] Animation: Apply AnimData {AnimClip "Relax" C0 <IDLE>} Loop
00:15:55,024 [DEBUG] Input: Click- Btn 0 @ 103, 45
00:15:56,091 [DEBUG] Animation: Apply AnimData {AnimClip "Interact" C0 <INTERACT>} Strict
00:15:57,207 [DEBUG] Input: Click+ Btn 0 @ 75, 67
00:15:57,390 [DEBUG] Input: Click- Btn 0 @ 63, 47
00:15:57,608 [DEBUG] Animation: Apply AnimData {AnimClip "Relax" C0 <IDLE>} Loop
00:15:58,457 [DEBUG] Animation: Apply AnimData {AnimClip "Interact" C0 <INTERACT>} Strict
00:15:59,991 [DEBUG] Animation: Apply AnimData {AnimClip "Relax" C0 <IDLE>} Loop
00:16:00,607 [DEBUG] Input: Click+ Btn 0 @ 76, 64
00:16:00,707 [DEBUG] Input: Click- Btn 0 @ 76, 64
00:16:00,708 [DEBUG] Animation: Apply AnimData {AnimClip "Interact" C0 <INTERACT>} Strict
00:16:02,207 [DEBUG] Animation: Apply AnimData {AnimClip "Relax" C0 <IDLE>} Loop
00:16:02,824 [DEBUG] Animation: Apply AnimData {AnimClip "Move" C0 <MOVE>} Loop
00:16:04,691 [DEBUG] Animation: Apply AnimData {AnimClip "Move" C0 <MOVE>} Loop
00:16:06,557 [DEBUG] Animation: Apply AnimData {AnimClip "Sit" C0 <SIT>} Loop
00:16:09,924 [DEBUG] Input: Click+ Btn 1 @ 85, 55
00:16:10,031 [DEBUG] MemberTray: Shown @ 823, 874
00:16:10,041 [DEBUG] Input: Click- Btn 1 @ 85, 55
00:16:11,118 [DEBUG] SocketSession: -> [127.0.0.1:8686] {"operation":"TRANSPARENT_MODE","uuid":"45335fe5-28e8-4616-a73d-86c060066b18"}
00:16:11,118 [INFO] MemberTray: Transparent enabled
00:16:11,559 [DEBUG] Animation: Apply AnimData {AnimClip "Move" C0 <MOVE>} Loop
00:16:12,908 [DEBUG] Animation: Apply AnimData {AnimClip "Move" C0 <MOVE>} Loop
00:16:14,259 [DEBUG] Animation: Apply AnimData {AnimClip "Sit" C0 <SIT>} Loop
00:16:22,291 [DEBUG] Animation: Apply AnimData {AnimClip "Move" C0 <MOVE>} Loop
00:16:25,494 [DEBUG] Animation: Apply AnimData {AnimClip "Sit" C0 <SIT>} Loop
00:17:18,858 [DEBUG] Animation: Apply AnimData {AnimClip "Move" C0 <MOVE>} Loop
00:17:23,742 [DEBUG] Animation: Apply AnimData {AnimClip "Sit" C0 <SIT>} Loop
00:17:27,758 [DEBUG] Animation: Apply AnimData {AnimClip "Move" C0 <MOVE>} Loop
00:17:29,108 [DEBUG] Animation: Apply AnimData {AnimClip "Sit" C0 <SIT>} Loop
00:17:33,108 [DEBUG] Animation: Apply AnimData {AnimClip "Move" C0 <MOVE>} Loop
00:17:35,975 [DEBUG] Animation: Apply AnimData {AnimClip "Move" C0 <MOVE>} Loop
00:17:41,758 [DEBUG] Animation: Apply AnimData {AnimClip "Sit" C0 <SIT>} Loop
00:17:52,358 [DEBUG] Animation: Apply AnimData {AnimClip "Move" C0 <MOVE>} Loop
00:17:54,208 [DEBUG] Animation: Apply AnimData {AnimClip "Sit" C0 <SIT>} Loop
00:18:16,292 [DEBUG] Animation: Apply AnimData {AnimClip "Move" C0 <MOVE>} Loop
00:18:18,158 [DEBUG] Animation: Apply AnimData {AnimClip "Move" C0 <MOVE>} Loop
00:18:19,492 [DEBUG] Animation: Apply AnimData {AnimClip "Sit" C0 <SIT>} Loop
00:18:23,508 [DEBUG] Animation: Apply AnimData {AnimClip "Move" C0 <MOVE>} Loop
00:18:26,192 [DEBUG] Animation: Apply AnimData {AnimClip "Sit" C0 <SIT>} Loop
00:18:30,192 [DEBUG] Animation: Apply AnimData {AnimClip "Move" C0 <MOVE>} Loop
00:18:33,408 [DEBUG] Animation: Apply AnimData {AnimClip "Sit" C0 <SIT>} Loop
00:18:42,475 [DEBUG] Animation: Apply AnimData {AnimClip "Move" C0 <MOVE>} Loop
00:18:44,341 [DEBUG] Animation: Apply AnimData {AnimClip "Sit" C0 <SIT>} Loop
00:18:52,842 [DEBUG] Animation: Apply AnimData {AnimClip "Move" C0 <MOVE>} Loop
00:18:54,191 [DEBUG] Animation: Apply AnimData {AnimClip "Sit" C0 <SIT>} Loop
00:19:02,225 [DEBUG] Animation: Apply AnimData {AnimClip "Move" C0 <MOVE>} Loop
00:19:03,559 [DEBUG] Animation: Apply AnimData {AnimClip "Move" C0 <MOVE>} Loop
00:19:05,942 [DEBUG] Animation: Apply AnimData {AnimClip "Move" C0 <MOVE>} Loop
00:19:07,292 [DEBUG] Animation: Apply AnimData {AnimClip "Sit" C0 <SIT>} Loop
00:19:12,324 [DEBUG] Animation: Apply AnimData {AnimClip "Move" C0 <MOVE>} Loop
00:19:14,692 [DEBUG] Animation: Apply AnimData {AnimClip "Sit" C0 <SIT>} Loop
00:19:23,741 [DEBUG] Animation: Apply AnimData {AnimClip "Move" C0 <MOVE>} Loop
00:19:26,642 [DEBUG] Animation: Apply AnimData {AnimClip "Sit" C0 <SIT>} Loop
00:19:30,658 [DEBUG] Animation: Apply AnimData {AnimClip "Move" C0 <MOVE>} Loop
00:19:32,008 [DEBUG] Animation: Apply AnimData {AnimClip "Move" C0 <MOVE>} Loop
00:19:35,725 [DEBUG] Animation: Apply AnimData {AnimClip "Sit" C0 <SIT>} Loop
00:19:44,274 [DEBUG] Animation: Apply AnimData {AnimClip "Move" C0 <MOVE>} Loop
00:19:46,125 [DEBUG] Animation: Apply AnimData {AnimClip "Sit" C0 <SIT>} Loop
00:19:54,158 [DEBUG] Animation: Apply AnimData {AnimClip "Move" C0 <MOVE>} Loop
00:19:57,375 [DEBUG] Animation: Apply AnimData {AnimClip "Move" C0 <MOVE>} Loop
00:19:58,709 [DEBUG] Animation: Apply AnimData {AnimClip "Sit" C0 <SIT>} Loop
00:20:25,391 [DEBUG] Animation: Apply AnimData {AnimClip "Move" C0 <MOVE>} Loop
00:20:30,775 [DEBUG] Animation: Apply AnimData {AnimClip "Sit" C0 <SIT>} Loop
00:20:34,791 [DEBUG] Animation: Apply AnimData {AnimClip "Move" C0 <MOVE>} Loop
00:20:36,125 [DEBUG] Animation: Apply AnimData {AnimClip "Sit" C0 <SIT>} Loop
00:20:40,141 [DEBUG] Animation: Apply AnimData {AnimClip "Move" C0 <MOVE>} Loop
00:20:41,491 [DEBUG] Animation: Apply AnimData {AnimClip "Sit" C0 <SIT>} Loop
00:20:45,992 [DEBUG] Animation: Apply AnimData {AnimClip "Move" C0 <MOVE>} Loop
00:20:47,342 [DEBUG] Animation: Apply AnimData {AnimClip "Sit" C0 <SIT>} Loop
00:20:51,358 [DEBUG] Animation: Apply AnimData {AnimClip "Move" C0 <MOVE>} Loop
00:20:54,558 [DEBUG] Animation: Apply AnimData {AnimClip "Move" C0 <MOVE>} Loop
00:20:56,925 [DEBUG] Animation: Apply AnimData {AnimClip "Sit" C0 <SIT>} Loop
00:21:04,942 [DEBUG] Animation: Apply AnimData {AnimClip "Move" C0 <MOVE>} Loop
00:21:08,658 [DEBUG] Animation: Apply AnimData {AnimClip "Sit" C0 <SIT>} Loop
00:21:12,675 [DEBUG] Animation: Apply AnimData {AnimClip "Move" C0 <MOVE>} Loop
00:21:15,558 [DEBUG] Animation: Apply AnimData {AnimClip "Move" C0 <MOVE>} Loop
00:21:20,275 [DEBUG] Animation: Apply AnimData {AnimClip "Sit" C0 <SIT>} Loop
00:21:38,375 [DEBUG] Animation: Apply AnimData {AnimClip "Move" C0 <MOVE>} Loop
00:21:39,725 [DEBUG] Animation: Apply AnimData {AnimClip "Move" C0 <MOVE>} Loop
00:21:42,609 [DEBUG] Animation: Apply AnimData {AnimClip "Sit" C0 <SIT>} Loop
00:21:47,142 [DEBUG] Animation: Apply AnimData {AnimClip "Move" C0 <MOVE>} Loop
00:21:49,008 [DEBUG] Animation: Apply AnimData {AnimClip "Move" C0 <MOVE>} Loop
00:21:50,342 [DEBUG] Animation: Apply AnimData {AnimClip "Sit" C0 <SIT>} Loop
00:21:58,142 [DEBUG] Animation: Apply AnimData {AnimClip "Relax" C0 <IDLE>} Loop
00:21:58,541 [DEBUG] Animation: Apply AnimData {AnimClip "Interact" C0 <INTERACT>} Strict
00:22:00,058 [DEBUG] Animation: Apply AnimData {AnimClip "Relax" C0 <IDLE>} Loop
00:22:02,275 [DEBUG] Animation: Apply AnimData {AnimClip "Sit" C0 <SIT>} Loop
00:22:02,792 [DEBUG] Animation: Apply AnimData {AnimClip "Relax" C0 <IDLE>} Loop
00:22:03,192 [DEBUG] Animation: Apply AnimData {AnimClip "Interact" C0 <INTERACT>} Strict
00:22:04,708 [DEBUG] Animation: Apply AnimData {AnimClip "Relax" C0 <IDLE>} Loop
00:22:06,291 [DEBUG] Animation: Apply AnimData {AnimClip "Sit" C0 <SIT>} Loop
00:22:08,775 [DEBUG] Animation: Apply AnimData {AnimClip "Relax" C0 <IDLE>} Loop
00:22:09,175 [DEBUG] Animation: Apply AnimData {AnimClip "Interact" C0 <INTERACT>} Strict
00:22:10,692 [DEBUG] Animation: Apply AnimData {AnimClip "Relax" C0 <IDLE>} Loop
00:22:11,875 [DEBUG] Animation: Apply AnimData {AnimClip "Interact" C0 <INTERACT>} Strict
00:22:13,391 [DEBUG] Animation: Apply AnimData {AnimClip "Relax" C0 <IDLE>} Loop
00:22:15,341 [DEBUG] Animation: Apply AnimData {AnimClip "Move" C0 <MOVE>} Loop
00:22:15,867 [DEBUG] SocketSession: <- [127.0.0.1:8686] {"operation":"NO_TRANSPARENT_MODE","uuid":"a620d9c4-d95b-4e56-8055-f26133362cf9"}
00:22:15,869 [INFO] MemberTray: Transparent disabled
00:22:16,575 [DEBUG] Input: Click+ Btn 0 @ 66, 71
00:22:16,642 [DEBUG] Animation: Apply AnimData {AnimClip "Relax" C0 <IDLE>} Loop
00:22:16,708 [DEBUG] Input: Click- Btn 0 @ 78, 33
00:22:18,059 [DEBUG] Animation: Apply AnimData {AnimClip "Interact" C0 <INTERACT>} Strict
00:22:18,641 [DEBUG] Input: Click+ Btn 0 @ 35, 86
00:22:18,725 [DEBUG] Input: Click- Btn 0 @ 35, 86
00:22:19,591 [DEBUG] Animation: Apply AnimData {AnimClip "Relax" C0 <IDLE>} Loop
00:22:20,092 [DEBUG] Animation: Apply AnimData {AnimClip "Sit" C0 <SIT>} Loop
00:22:32,125 [DEBUG] Animation: Apply AnimData {AnimClip "Move" C0 <MOVE>} Loop
00:22:35,341 [DEBUG] Animation: Apply AnimData {AnimClip "Move" C0 <MOVE>} Loop
00:22:36,692 [DEBUG] Animation: Apply AnimData {AnimClip "Sit" C0 <SIT>} Loop
00:22:40,708 [DEBUG] Animation: Apply AnimData {AnimClip "Move" C0 <MOVE>} Loop
00:22:42,209 [DEBUG] Animation: Apply AnimData {AnimClip "Relax" C0 <IDLE>} Loop
00:22:44,624 [DEBUG] Animation: Apply AnimData {AnimClip "Move" C0 <MOVE>} Loop
00:22:45,958 [DEBUG] Animation: Apply AnimData {AnimClip "Sit" C0 <SIT>} Loop
00:22:49,975 [DEBUG] Animation: Apply AnimData {AnimClip "Move" C0 <MOVE>} Loop
00:22:50,250 [DEBUG] SocketSession: <- [127.0.0.1:8686] {"operation":"LOGOUT","uuid":"a620d9c4-d95b-4e56-8055-f26133362cf9"}
00:22:50,250 [INFO] MemberTray: Request to exit
00:22:50,253 [INFO] SocketClient: (-)[127.0.0.1:8686] closed
00:22:50,558 [INFO] App: Dispose
00:22:50,579 [INFO] System: Exited from EmbeddedLauncher successfully
