# *** ArkPets Log - core (PID31608) ***
# Created: 2025-12-05 22:36:23,007
# OS: Windows 11 (amd64)
# Java version: 23.0.1
# Working directory: D:\Ark-Pets\assets

22:36:23,025 [INFO] System: Entering the app of EmbeddedLauncher
22:36:23,040 [INFO] System: ArkPets version is 3.10.0
22:36:23,042 [INFO] System: Using USER32 Window System
22:36:23,045 [INFO] System: Using ANGLE renderer
22:36:23,831 [INFO] App: Create with title "ArkPets (3)"
22:36:23,832 [INFO] App: Using model asset "models\421_crow"
22:36:23,975 [INFO] Character: Skeleton loading as binary
22:36:24,303 [INFO] Character: AnimStage C0 using DynamicOrthographicCamara 152*146 {Insert: ^-4174 v0 <-2080 >-2088}
22:36:24,306 [INFO] Animation: Available animation stages [AnimStage C0]
22:36:24,840 [INFO] SocketClient: Connecting to server on port 8686
22:36:24,844 [INFO] SocketClient: (+)[127.0.0.1:8686] connected
22:36:24,844 [INFO] MemberTray: Integrated tray service connected
22:36:24,853 [INFO] App: Render
22:47:12,335 [INFO] MemberTray: Request to exit
22:47:12,341 [INFO] SocketClient: (-)[127.0.0.1:8686] closed
22:47:12,643 [INFO] App: Dispose
22:47:12,671 [INFO] System: Exited from EmbeddedLauncher successfully
