# *** ArkPets Log - core (PID1288) ***
# Created: 2025-12-05 22:36:21,532
# OS: Windows 11 (amd64)
# Java version: 23.0.1
# Working directory: D:\Ark-Pets\assets

22:36:21,550 [INFO] System: Entering the app of EmbeddedLauncher
22:36:21,563 [INFO] System: ArkPets version is 3.10.0
22:36:21,565 [INFO] System: Using USER32 Window System
22:36:21,568 [INFO] System: Using ANGLE renderer
22:36:22,274 [INFO] App: Create with title "ArkPets (2)"
22:36:22,274 [INFO] App: Using model asset "models\421_crow"
22:36:22,396 [INFO] Character: Skeleton loading as binary
22:36:22,712 [INFO] Character: AnimStage C0 using DynamicOrthographicCamara 152*146 {Insert: ^-4174 v0 <-2080 >-2088}
22:36:22,717 [INFO] Animation: Available animation stages [AnimStage C0]
22:36:23,242 [INFO] SocketClient: Connecting to server on port 8686
22:36:23,247 [INFO] SocketClient: (+)[127.0.0.1:8686] connected
22:36:23,247 [INFO] MemberTray: Integrated tray service connected
22:36:23,259 [INFO] App: Render
22:47:08,672 [INFO] MemberTray: Request to exit
22:47:08,686 [INFO] SocketClient: (-)[127.0.0.1:8686] closed
22:47:08,993 [INFO] App: Dispose
22:47:09,021 [INFO] System: Exited from EmbeddedLauncher successfully
