# *** ArkPets Log - desktop (PID9964) ***
# Created: 2025-12-05 21:37:13,452
# OS: Windows 11 (amd64)
# Java version: 23.0.1
# Working directory: D:\Ark-Pets\assets

21:37:13,690 [INFO] System: Entering the app of DesktopLauncher
21:37:13,702 [INFO] System: ArkPets version is 3.10.0
21:37:14,168 [INFO] Launcher: Starting
21:37:14,768 [INFO] Task: FetchAnnounceTask starting
21:37:14,771 [INFO] Network: Fetching https://arkpets.harryh.cn/p/arkpets/client/api.php?***
21:37:14,773 [INFO] Launcher: Creating main scene
21:37:15,395 [INFO] SocketServer: Request to start server
21:37:15,404 [INFO] SocketServer: Server is running on port 8686
21:37:15,439 [INFO] HostTray: HostTray icon applied
21:37:15,439 [INFO] Launcher: Loading modules
21:37:15,474 [INFO] Network: Fetched https://arkpets.harryh.cn/p/arkpets/client/api.php?*** , size: 72977
21:37:15,768 [INFO] Task: CheckAppUpdateTask starting
21:37:15,769 [INFO] Network: Fetching https://arkpets.harryh.cn/p/arkpets/client/api.php?***
21:37:15,771 [INFO] Launcher: Finished starting
21:37:15,775 [INFO] ModelManager: Reloading
21:37:15,776 [WARN] ModelManager: Failed to initialize model dataset due to file not found. (models_data.json (系统找不到指定的文件。))
21:37:15,776 [INFO] ModelManager: Reloaded
21:37:15,905 [INFO] Network: Fetched https://arkpets.harryh.cn/p/arkpets/client/api.php?*** , size: 101
21:37:16,469 [INFO] Task: FetchAnnounceTask completed
21:37:16,516 [INFO] Announce: Fetched 4 announcements
21:37:16,519 [INFO] Announce: Need immediate show
21:37:16,543 [INFO] Task: CheckAppUpdateTask completed
21:37:16,552 [INFO] Checker: Application version check finished, newest: 3.10.0
21:37:50,207 [INFO] Launcher: User close request
21:37:50,513 [INFO] Task: DeleteTempFilesTask starting
21:37:50,515 [INFO] Task: DeleteTempFilesTask completed
21:37:50,517 [INFO] SocketServer: Request to stop server
21:37:50,536 [INFO] System: Exited from DesktopLauncher successfully
