# *** ArkPets Log - desktop (PID7024) ***
# Created: 2025-12-06 00:10:50,662
# OS: Windows 11 (amd64)
# Java version: 23.0.1
# Working directory: D:\Ark-Pets\assets

00:10:50,917 [INFO] System: Entering the app of DesktopLauncher
00:10:50,932 [INFO] System: ArkPets version is 3.10.0
00:10:50,932 [DEBUG] System: Default charset is UTF-8
00:10:51,550 [INFO] Launcher: Starting
00:10:51,993 [DEBUG] Config: Config saved
00:10:52,200 [INFO] Task: FetchAnnounceTask starting
00:10:52,205 [INFO] Network: Fetching https://arkpets.harryh.cn/p/arkpets/client/api.php?***
00:10:52,207 [INFO] Launcher: Creating main scene
00:10:52,484 [DEBUG] Launcher: Window on shown
00:10:52,818 [INFO] SocketServer: Request to start server
00:10:52,835 [INFO] SocketServer: Server is running on port 8686
00:10:52,883 [INFO] HostTray: HostTray icon applied
00:10:52,883 [INFO] Launcher: Loading modules
00:10:53,206 [DEBUG] Config: Config saved
00:10:53,208 [DEBUG] Config: Auto-startup is unavailable.
00:10:53,212 [INFO] Task: CheckAppUpdateTask starting
00:10:53,213 [INFO] Network: Fetching https://arkpets.harryh.cn/p/arkpets/client/api.php?***
00:10:53,214 [INFO] Launcher: Finished starting
00:10:53,218 [INFO] ModelManager: Reloading
00:10:53,551 [DEBUG] ModelManager: Initialized model dataset successfully.
00:10:53,665 [DEBUG] ModelManager: Initialized model assets successfully.
00:10:53,674 [INFO] ModelManager: Search "" (2367 results, 0.0 ms)
00:10:53,679 [INFO] ModelManager: Reloaded
00:10:56,641 [DEBUG] Config: Config saved
00:10:56,796 [INFO] Launcher: Launching models\421_crow
00:10:56,796 [DEBUG] Launcher: With args [--debug]
00:10:59,556 [INFO] SocketServer: (+)[127.0.0.1:64516] connected
00:10:59,582 [DEBUG] SocketSession: <- [127.0.0.1:64516] {"operation":"HANDSHAKE_REQUEST","uuid":"6b1c87bf-c430-49ca-a70c-fd7dc14081ca"}
00:10:59,590 [DEBUG] SocketSession: -> [127.0.0.1:64516] {"operation":"HANDSHAKE_RESPONSE","uuid":"6b1c87bf-c430-49ca-a70c-fd7dc14081ca"}
00:10:59,591 [INFO] SocketServer: (-)[127.0.0.1:64516] closed
00:10:59,599 [INFO] SocketServer: (+)[127.0.0.1:64517] connected
00:10:59,610 [DEBUG] SocketSession: <- [127.0.0.1:64517] {"msg":{"bytes":[-25,-66,-67,-26,-81,-101,-25,-84,-108],"encoding":"UTF-8"},"operation":"LOGIN","uuid":"8e9cb110-b227-4798-aa81-0504ae263992"}
00:11:03,864 [INFO] Network: Fetched https://arkpets.harryh.cn/p/arkpets/client/api.php?*** , size: 100
00:11:03,865 [INFO] Task: CheckAppUpdateTask completed
00:11:03,879 [INFO] Checker: Application version check finished, newest: 3.10.0
00:11:04,279 [INFO] Network: Fetched https://arkpets.harryh.cn/p/arkpets/client/api.php?*** , size: 72978
00:11:04,281 [INFO] Task: FetchAnnounceTask completed
00:11:04,294 [INFO] Announce: Fetched 4 announcements
00:11:04,295 [INFO] Announce: Need immediate show
00:11:23,735 [INFO] Launcher: User close request
00:11:24,047 [INFO] Task: DeleteTempFilesTask starting
00:11:24,049 [INFO] Task: DeleteTempFilesTask completed
00:11:24,050 [DEBUG] SocketSession: -> [127.0.0.1:64517] {"operation":"LOGOUT","uuid":"24a22561-f8ea-442d-a719-40d4de7150b6"}
00:11:24,050 [INFO] SocketServer: Request to stop server
00:11:24,051 [INFO] SocketServer: (-)[127.0.0.1:64517] closed
00:11:24,051 [DEBUG] Launcher: Finished stopping
00:11:24,051 [DEBUG] SocketSession: x- [127.0.0.1:64517] (Socket closed)
00:11:24,051 [INFO] SocketServer: (x)[127.0.0.1:64517] broken
00:11:24,069 [DEBUG] Launcher: Window on hidden
00:11:24,075 [INFO] System: Exited from DesktopLauncher successfully
