# *** ArkPets Log - desktop (PID33000) ***
# Created: 2025-12-05 22:29:52,918
# OS: Windows 11 (amd64)
# Java version: 23.0.1
# Working directory: D:\Ark-Pets\assets

22:29:53,207 [INFO] System: Entering the app of DesktopLauncher
22:29:53,219 [INFO] System: ArkPets version is 3.10.0
22:29:53,859 [INFO] Launcher: Starting
22:29:54,546 [INFO] Task: FetchAnnounceTask starting
22:29:54,550 [INFO] Network: Fetching https://arkpets.harryh.cn/p/arkpets/client/api.php?***
22:29:54,551 [INFO] Launcher: Creating main scene
22:29:55,255 [INFO] Network: Fetched https://arkpets.harryh.cn/p/arkpets/client/api.php?*** , size: 72978
22:29:55,430 [INFO] SocketServer: Request to start server
22:29:55,439 [INFO] SocketServer: Server is running on port 8686
22:29:55,492 [INFO] HostTray: HostTray icon applied
22:29:55,493 [INFO] Launcher: Loading modules
22:29:55,898 [INFO] Task: CheckAppUpdateTask starting
22:29:55,899 [INFO] Network: Fetching https://arkpets.harryh.cn/p/arkpets/client/api.php?***
22:29:55,900 [INFO] Launcher: Finished starting
22:29:55,904 [INFO] ModelManager: Reloading
22:29:55,905 [WARN] ModelManager: Failed to initialize model dataset due to file not found. (models_data.json (系统找不到指定的文件。))
22:29:55,905 [INFO] ModelManager: Reloaded
22:29:56,039 [INFO] Network: Fetched https://arkpets.harryh.cn/p/arkpets/client/api.php?*** , size: 101
22:29:56,693 [INFO] Task: FetchAnnounceTask completed
22:29:56,748 [INFO] Announce: Fetched 4 announcements
22:29:56,750 [INFO] Announce: Need immediate show
22:29:56,780 [INFO] Task: CheckAppUpdateTask completed
22:29:56,790 [INFO] Checker: Application version check finished, newest: 3.10.0
22:30:04,134 [INFO] ModelManager: CDK assertion not passed due to not set
22:30:09,142 [INFO] DownloadDialog: Chose the public source
22:30:09,143 [INFO] ModelManager: CDK assertion not passed due to not set
22:30:09,144 [INFO] Task: DownloadModelsTask starting
22:30:09,145 [INFO] Network: Testing real delay
22:30:20,460 [INFO] Network: Selected the most available Source "GHProxy" (0ms)
22:30:20,461 [INFO] Network: Fetching https://ghproxy.harryh.cn/https://github.com/isHarryh/Ark-Models/archive/refs/heads/main.zip
22:30:28,185 [ERROR] Task: DownloadModelsTask failed, details see below.
java.net.SocketException: Connection reset
	at java.base/sun.nio.ch.NioSocketImpl.implRead(NioSocketImpl.java:318)
	at java.base/sun.nio.ch.NioSocketImpl.read(NioSocketImpl.java:346)
	at java.base/sun.nio.ch.NioSocketImpl$1.read(NioSocketImpl.java:796)
	at java.base/java.net.Socket$SocketInputStream.implRead(Socket.java:1116)
	at java.base/java.net.Socket$SocketInputStream.read(Socket.java:1103)
	at java.base/sun.security.ssl.SSLSocketInputRecord.read(SSLSocketInputRecord.java:489)
	at java.base/sun.security.ssl.SSLSocketInputRecord.readHeader(SSLSocketInputRecord.java:483)
	at java.base/sun.security.ssl.SSLSocketInputRecord.decode(SSLSocketInputRecord.java:160)
	at java.base/sun.security.ssl.SSLTransport.decode(SSLTransport.java:111)
	at java.base/sun.security.ssl.SSLSocketImpl.decode(SSLSocketImpl.java:1507)
	at java.base/sun.security.ssl.SSLSocketImpl.readHandshakeRecord(SSLSocketImpl.java:1422)
	at java.base/sun.security.ssl.SSLSocketImpl.startHandshake(SSLSocketImpl.java:455)
	at java.base/sun.security.ssl.SSLSocketImpl.startHandshake(SSLSocketImpl.java:426)
	at java.base/sun.net.www.protocol.https.HttpsClient.afterConnect(HttpsClient.java:586)
	at java.base/sun.net.www.protocol.https.AbstractDelegateHttpsURLConnection.connect(AbstractDelegateHttpsURLConnection.java:187)
	at java.base/sun.net.www.protocol.https.HttpsURLConnectionImpl.connect(HttpsURLConnectionImpl.java:141)
	at cn.harryh.arkpets.network.Connections.createHttpsConnection(Connections.java:41)
	at cn.harryh.arkpets.network.Connections.createHttpsConnection(Connections.java:61)
	at cn.harryh.arkpets.network.Connections.createHttpsConnection(Connections.java:71)
	at cn.harryh.arkpets.guitasks.requests.FetchAsFileTask$1.call(FetchAsFileTask.java:58)
	at cn.harryh.arkpets.guitasks.requests.FetchAsFileTask$1.call(FetchAsFileTask.java:45)
	at javafx.concurrent.Task$TaskCallable.call(Task.java:1426)
	at java.base/java.util.concurrent.FutureTask.run(FutureTask.java:317)
	at java.base/java.lang.Thread.run(Thread.java:1575)
22:30:36,927 [INFO] ModelManager: Opening file chooser to import zip file
22:30:42,137 [INFO] ModelManager: CDK assertion not passed due to not set
22:30:48,164 [INFO] DownloadDialog: Chose the public source
22:30:48,165 [INFO] ModelManager: CDK assertion not passed due to not set
22:30:48,165 [INFO] Task: DownloadModelsTask starting
22:30:48,166 [INFO] Network: Testing real delay
22:30:48,167 [INFO] Network: Selected the most available Source "GitHub" (0ms)
22:30:48,167 [INFO] Network: Fetching https://github.com/isHarryh/Ark-Models/archive/refs/heads/main.zip
22:33:00,838 [INFO] Network: Fetched https://github.com/isHarryh/Ark-Models/archive/refs/heads/main.zip , size: 967674482
22:33:00,838 [INFO] Task: DownloadModelsTask completed
22:33:00,850 [INFO] Task: UnzipModelsTask starting
22:33:00,851 [INFO] Unzip: Unzipping temp\Ark-Models-main.zip to temp/models_unzipped/
22:33:22,035 [INFO] Unzip: Unzipped to temp/models_unzipped/ , finished
22:33:22,035 [INFO] Task: UnzipModelsTask completed
22:33:22,127 [INFO] Task: PostUnzipModelTask starting
22:33:22,127 [INFO] Task: Moving required files from unzipped files
22:33:22,238 [INFO] Task: Moved required files from unzipped files, finished
22:33:22,240 [INFO] Task: PostUnzipModelTask completed
22:33:22,505 [INFO] ModelManager: Reloading
22:33:23,018 [INFO] ModelManager: Search "" (2367 results, 0.0 ms)
22:33:23,020 [INFO] ModelManager: Reloaded
22:33:31,428 [INFO] ModelManager: Search "羽毛笔" (2 results, 285.6 ms)
22:33:41,617 [INFO] ModelManager: Search "羽毛笔" (2 results, 1.5 ms)
22:33:47,899 [INFO] Launcher: Launching models\421_crow
22:33:51,286 [INFO] SocketServer: (+)[127.0.0.1:64867] connected
22:33:51,315 [INFO] SocketServer: (-)[127.0.0.1:64867] closed
22:33:51,326 [INFO] SocketServer: (+)[127.0.0.1:64868] connected
22:34:27,640 [INFO] ProxyTray: Transparent enabled
22:35:37,721 [INFO] Launcher: Launching models\421_crow
22:35:40,013 [INFO] SocketServer: (+)[127.0.0.1:64924] connected
22:35:40,037 [INFO] SocketServer: (-)[127.0.0.1:64924] closed
22:35:40,048 [INFO] SocketServer: (+)[127.0.0.1:64925] connected
22:35:43,353 [INFO] ProxyTray: Request to exit
22:35:43,353 [INFO] SocketServer: (-)[127.0.0.1:64925] closed
22:35:55,354 [INFO] ProxyTray: Transparent disabled
22:36:21,049 [INFO] Launcher: Launching models\421_crow
22:36:22,410 [INFO] Launcher: Launching models\421_crow
22:36:23,207 [INFO] SocketServer: (+)[127.0.0.1:64941] connected
22:36:23,233 [INFO] SocketServer: (-)[127.0.0.1:64941] closed
22:36:23,243 [INFO] SocketServer: (+)[127.0.0.1:64942] connected
22:36:24,805 [INFO] SocketServer: (+)[127.0.0.1:64943] connected
22:36:24,828 [INFO] SocketServer: (-)[127.0.0.1:64943] closed
22:36:24,841 [INFO] SocketServer: (+)[127.0.0.1:64944] connected
22:36:46,395 [INFO] Launcher: Launching models\421_crow
22:36:48,698 [INFO] SocketServer: (+)[127.0.0.1:64955] connected
22:36:48,721 [INFO] SocketServer: (-)[127.0.0.1:64955] closed
22:36:48,733 [INFO] SocketServer: (+)[127.0.0.1:64956] connected
22:44:22,799 [INFO] Task: VerifyModelsTask starting
22:44:23,071 [INFO] Checker: Model repo check finished (okay)
22:44:23,071 [INFO] Task: VerifyModelsTask completed
22:47:04,661 [INFO] ProxyTray: Request to exit
22:47:04,666 [INFO] SocketServer: (x)[127.0.0.1:64868] broken
22:47:04,667 [INFO] SocketServer: (-)[127.0.0.1:64868] closed
22:47:08,671 [INFO] ProxyTray: Request to exit
22:47:08,686 [INFO] SocketServer: (x)[127.0.0.1:64942] broken
22:47:08,686 [INFO] SocketServer: (-)[127.0.0.1:64942] closed
22:47:12,334 [INFO] ProxyTray: Request to exit
22:47:12,341 [INFO] SocketServer: (x)[127.0.0.1:64944] broken
22:47:12,341 [INFO] SocketServer: (-)[127.0.0.1:64944] closed
22:48:16,080 [INFO] ProxyTray: Transparent enabled
22:57:21,790 [INFO] ProxyTray: Transparent disabled
23:10:35,434 [INFO] ProxyTray: Transparent enabled
23:20:46,821 [INFO] ProxyTray: Transparent disabled
23:31:33,642 [INFO] Launcher: Launching models\421_crow
23:31:36,600 [INFO] SocketServer: (+)[127.0.0.1:55532] connected
23:31:36,626 [INFO] SocketServer: (-)[127.0.0.1:55532] closed
23:31:36,638 [INFO] SocketServer: (+)[127.0.0.1:55533] connected
23:31:36,972 [INFO] ProxyTray: Request to exit
23:31:36,973 [INFO] SocketServer: (-)[127.0.0.1:64956] closed
23:32:36,496 [INFO] HostTray: Request to show stage
23:59:34,781 [INFO] ProxyTray: Transparent enabled
00:02:20,493 [INFO] HostTray: Request to exit
00:02:20,660 [INFO] Launcher: User close request
00:02:20,975 [INFO] Task: DeleteTempFilesTask starting
00:02:20,986 [INFO] Task: DeleteTempFilesTask completed
00:02:21,018 [INFO] SocketServer: Request to stop server
00:02:21,029 [INFO] SocketServer: (-)[127.0.0.1:55533] closed
00:02:21,054 [INFO] SocketServer: (x)[127.0.0.1:55533] broken
00:02:21,078 [INFO] System: Exited from DesktopLauncher successfully
