# *** ArkPets Log - desktop (PID2540) ***
# Created: 2025-12-06 00:25:16,798
# OS: Windows 11 (amd64)
# Java version: 23.0.1
# Working directory: D:\Ark-Pets\assets

00:25:17,032 [INFO] System: Entering the app of DesktopLauncher
00:25:17,046 [INFO] System: ArkPets version is 3.10.0
00:25:17,046 [DEBUG] System: Default charset is UTF-8
00:25:17,533 [INFO] Launcher: Starting
00:25:17,933 [DEBUG] Config: Config saved
00:25:18,119 [INFO] Task: FetchAnnounceTask starting
00:25:18,122 [INFO] Network: Fetching https://arkpets.harryh.cn/p/arkpets/client/api.php?***
00:25:18,125 [INFO] Launcher: Creating main scene
00:25:18,348 [DEBUG] Launcher: Window on shown
00:25:18,640 [INFO] SocketServer: Request to start server
00:25:18,656 [INFO] SocketServer: Server is running on port 8686
00:25:18,689 [INFO] HostTray: HostTray icon applied
00:25:18,689 [INFO] Launcher: Loading modules
00:25:18,982 [DEBUG] Config: Config saved
00:25:18,983 [DEBUG] Config: Auto-startup is unavailable.
00:25:18,987 [INFO] Task: CheckAppUpdateTask starting
00:25:18,988 [INFO] Network: Fetching https://arkpets.harryh.cn/p/arkpets/client/api.php?***
00:25:18,989 [INFO] Launcher: Finished starting
00:25:18,993 [INFO] ModelManager: Reloading
00:25:19,282 [DEBUG] ModelManager: Initialized model dataset successfully.
00:25:19,366 [DEBUG] ModelManager: Initialized model assets successfully.
00:25:19,375 [INFO] ModelManager: Search "" (2367 results, 0.0 ms)
00:25:19,382 [INFO] ModelManager: Reloaded
00:25:22,564 [DEBUG] Config: Config saved
00:25:22,730 [INFO] Launcher: Launching models\421_crow
00:25:22,730 [DEBUG] Launcher: With args [--debug]
00:25:25,397 [INFO] SocketServer: (+)[127.0.0.1:50543] connected
00:25:25,421 [DEBUG] SocketSession: <- [127.0.0.1:50543] {"operation":"HANDSHAKE_REQUEST","uuid":"b24350bf-311b-4ccc-a01d-d8213750bcee"}
00:25:25,430 [DEBUG] SocketSession: -> [127.0.0.1:50543] {"operation":"HANDSHAKE_RESPONSE","uuid":"b24350bf-311b-4ccc-a01d-d8213750bcee"}
00:25:25,430 [INFO] SocketServer: (-)[127.0.0.1:50543] closed
00:25:25,441 [INFO] SocketServer: (+)[127.0.0.1:50544] connected
00:25:25,452 [DEBUG] SocketSession: <- [127.0.0.1:50544] {"msg":{"bytes":[-25,-66,-67,-26,-81,-101,-25,-84,-108],"encoding":"UTF-8"},"operation":"LOGIN","uuid":"1d1cb8ce-3ce0-473e-9a34-df23d9853e50"}
00:25:29,751 [INFO] Network: Fetched https://arkpets.harryh.cn/p/arkpets/client/api.php?*** , size: 101
00:25:29,751 [INFO] Task: CheckAppUpdateTask completed
00:25:29,759 [INFO] Checker: Application version check finished, newest: 3.10.0
00:25:30,170 [INFO] Network: Fetched https://arkpets.harryh.cn/p/arkpets/client/api.php?*** , size: 72978
00:25:30,171 [INFO] Task: FetchAnnounceTask completed
00:25:30,182 [INFO] Announce: Fetched 4 announcements
00:25:30,183 [INFO] Announce: Need immediate show
00:26:28,426 [INFO] Launcher: User close request
00:26:28,731 [INFO] Task: DeleteTempFilesTask starting
00:26:28,734 [INFO] Task: DeleteTempFilesTask completed
00:26:28,734 [DEBUG] SocketSession: -> [127.0.0.1:50544] {"operation":"LOGOUT","uuid":"20d6e077-f26e-41c5-8f57-53e0c04a408f"}
00:26:28,735 [INFO] SocketServer: Request to stop server
00:26:28,735 [INFO] SocketServer: (-)[127.0.0.1:50544] closed
00:26:28,736 [DEBUG] SocketSession: x- [127.0.0.1:50544] (Socket closed)
00:26:28,736 [DEBUG] Launcher: Finished stopping
00:26:28,736 [INFO] SocketServer: (x)[127.0.0.1:50544] broken
00:26:28,755 [DEBUG] Launcher: Window on hidden
00:26:28,757 [INFO] System: Exited from DesktopLauncher successfully
